// Vitest Snapshot v1, https://vitest.dev/guide/snapshot.html

exports[`Root > should match loading snapshot 1`] = `
<body>
  <div>
    <main
      class="flex flex-col gap-4 items-center"
    >
      <div
        class="flex flex-col gap-2 w-full items-center relative"
      >
        <div
          style="width: 24rem;"
        >
          <form
            class="search-city-input__form-container "
          >
            <input
              class="search-city-input search-city-input__default"
              data-testid="search-city-input"
              placeholder="Search for your preferred city..."
              type="text"
              value=""
            />
            <button
              class="search-city-input__submit"
              disabled=""
              type="submit"
            >
              <div
                class="grid place-content-center"
              >
                <div
                  class="flex items-center gap-2 text-gray-500"
                >
                  <span
                    class="h-6 w-6 block rounded-full border-4 border-t-blue-300 animate-spin"
                  />
                  loading...
                </div>
              </div>
            </button>
          </form>
        </div>
      </div>
      <div
        class="flex w-full justify-center"
        style="max-width: 800px;"
      >
        <div
          class="grid md:grid-cols-2 gap-4"
        >
          <div
            class="flex-col-centered gap-4"
          >
            <section
              class="card"
            >
              <div
                class="flex flex-col gap-2 items-center"
              >
                <span
                  aria-busy="true"
                  aria-live="polite"
                >
                  <span
                    class="react-loading-skeleton"
                    style="width: 150px; height: 30px; --highlight-color: #0f172a;"
                  >
                    ‌
                  </span>
                  <br />
                </span>
                <span
                  aria-busy="true"
                  aria-live="polite"
                >
                  <span
                    class="react-loading-skeleton mb-2"
                    style="width: 150px; height: 20px; --highlight-color: #0f172a;"
                  >
                    ‌
                  </span>
                  <br />
                </span>
                <span
                  aria-busy="true"
                  aria-live="polite"
                >
                  <span
                    class="react-loading-skeleton"
                    style="width: 150px; --highlight-color: #0f172a;"
                  >
                    ‌
                  </span>
                  <br />
                </span>
              </div>
            </section>
            <section
              class="card"
            >
              <div>
                <h2
                  class="text-2xl font-bold"
                >
                  Your favorite cities list is empty!
                </h2>
                <p>
                   Start adding cities by pressing ❤ button.
                </p>
              </div>
            </section>
          </div>
          <div
            class="flex-col-centered w-full h-full"
          >
            <section
              class="card"
            >
              <div
                class="flex-col-centered"
              >
                <span
                  aria-busy="true"
                  aria-live="polite"
                >
                  <span
                    class="react-loading-skeleton"
                    style="width: 180px; height: 40px; --highlight-color: #0f172a;"
                  >
                    ‌
                  </span>
                  <br />
                </span>
                <span
                  aria-busy="true"
                  aria-live="polite"
                >
                  <span
                    class="react-loading-skeleton"
                    style="width: 90px; height: 20px; --highlight-color: #0f172a;"
                  >
                    ‌
                  </span>
                  <br />
                </span>
                <span
                  aria-busy="true"
                  aria-live="polite"
                >
                  <span
                    class="react-loading-skeleton"
                    style="width: 100px; height: 100px; border-radius: 50%; --highlight-color: #0f172a;"
                  >
                    ‌
                  </span>
                  <br />
                </span>
                <span
                  aria-busy="true"
                  aria-live="polite"
                >
                  <span
                    class="react-loading-skeleton"
                    style="width: 90px; height: 20px; --highlight-color: #0f172a;"
                  >
                    ‌
                  </span>
                  <br />
                </span>
              </div>
              <div
                class="flex-col-centered my-6"
              >
                <div
                  class="flex flex-nowrap gap-4"
                >
                  <div
                    class="p-4 flex-col-centered"
                  >
                    <span
                      aria-busy="true"
                      aria-live="polite"
                    >
                      <span
                        class="react-loading-skeleton"
                        style="width: 80px; height: 80px; --highlight-color: #0f172a;"
                      >
                        ‌
                      </span>
                      <br />
                    </span>
                    <span
                      aria-busy="true"
                      aria-live="polite"
                    >
                      <span
                        class="react-loading-skeleton"
                        style="width: 60px; height: 15px; --highlight-color: #0f172a;"
                      >
                        ‌
                      </span>
                      <br />
                    </span>
                    <span
                      aria-busy="true"
                      aria-live="polite"
                    >
                      <span
                        class="react-loading-skeleton"
                        style="width: 60px; height: 10px; --highlight-color: #0f172a;"
                      >
                        ‌
                      </span>
                      <br />
                    </span>
                  </div>
                  <div
                    class="p-4 flex-col-centered"
                  >
                    <span
                      aria-busy="true"
                      aria-live="polite"
                    >
                      <span
                        class="react-loading-skeleton"
                        style="width: 80px; height: 80px; --highlight-color: #0f172a;"
                      >
                        ‌
                      </span>
                      <br />
                    </span>
                    <span
                      aria-busy="true"
                      aria-live="polite"
                    >
                      <span
                        class="react-loading-skeleton"
                        style="width: 60px; height: 15px; --highlight-color: #0f172a;"
                      >
                        ‌
                      </span>
                      <br />
                    </span>
                    <span
                      aria-busy="true"
                      aria-live="polite"
                    >
                      <span
                        class="react-loading-skeleton"
                        style="width: 60px; height: 10px; --highlight-color: #0f172a;"
                      >
                        ‌
                      </span>
                      <br />
                    </span>
                  </div>
                </div>
                <div
                  class="flex flex-nowrap gap-4"
                >
                  <div
                    class="p-4 flex-col-centered"
                  >
                    <span
                      aria-busy="true"
                      aria-live="polite"
                    >
                      <span
                        class="react-loading-skeleton"
                        style="width: 80px; height: 80px; --highlight-color: #0f172a;"
                      >
                        ‌
                      </span>
                      <br />
                    </span>
                    <span
                      aria-busy="true"
                      aria-live="polite"
                    >
                      <span
                        class="react-loading-skeleton"
                        style="width: 60px; height: 15px; --highlight-color: #0f172a;"
                      >
                        ‌
                      </span>
                      <br />
                    </span>
                    <span
                      aria-busy="true"
                      aria-live="polite"
                    >
                      <span
                        class="react-loading-skeleton"
                        style="width: 60px; height: 10px; --highlight-color: #0f172a;"
                      >
                        ‌
                      </span>
                      <br />
                    </span>
                  </div>
                  <div
                    class="p-4 flex-col-centered"
                  >
                    <span
                      aria-busy="true"
                      aria-live="polite"
                    >
                      <span
                        class="react-loading-skeleton"
                        style="width: 80px; height: 80px; --highlight-color: #0f172a;"
                      >
                        ‌
                      </span>
                      <br />
                    </span>
                    <span
                      aria-busy="true"
                      aria-live="polite"
                    >
                      <span
                        class="react-loading-skeleton"
                        style="width: 60px; height: 15px; --highlight-color: #0f172a;"
                      >
                        ‌
                      </span>
                      <br />
                    </span>
                    <span
                      aria-busy="true"
                      aria-live="polite"
                    >
                      <span
                        class="react-loading-skeleton"
                        style="width: 60px; height: 10px; --highlight-color: #0f172a;"
                      >
                        ‌
                      </span>
                      <br />
                    </span>
                  </div>
                </div>
              </div>
            </section>
          </div>
        </div>
      </div>
    </main>
    <footer
      class="w-full text-center mt-6"
    >
      <p
        class="font-bold text-lg italic"
      >
        Created by
         
        <a
          class="text-slate-500 hover:underline"
          href="https://mikek.gr"
          rel="noreferrer"
          target="_blank"
        >
          Michael Koutridis
        </a>
      </p>
    </footer>
  </div>
</body>
`;

exports[`Root > should match snapshot 1`] = `
<body>
  <div>
    <main
      class="flex flex-col gap-4 items-center"
    >
      <div
        class="flex flex-col gap-2 w-full items-center relative"
      >
        <div
          style="width: 24rem;"
        >
          <form
            class="search-city-input__form-container "
          >
            <input
              class="search-city-input search-city-input__default"
              data-testid="search-city-input"
              placeholder="Search for your preferred city..."
              type="text"
              value=""
            />
            <button
              class="search-city-input__submit"
              type="submit"
            >
              Search
            </button>
          </form>
        </div>
      </div>
      <div
        class="flex w-full justify-center"
        style="max-width: 800px;"
      >
        <div
          class="grid md:grid-cols-2 gap-4"
        >
          <div
            class="flex-col-centered gap-4"
          >
            <section
              class="card"
            >
              <button
                aria-label="Favorite button"
                class="favorite-city-button"
                data-testid="favorite-city-button"
              >
                <svg
                  data-testid="heart-empty"
                  height="32px"
                  viewBox="0 0 256 256"
                  width="32px"
                  xml:space="preserve"
                  xmlns="http://www.w3.org/2000/svg"
                  xmlns:xlink="http://www.w3.org/1999/xlink"
                >
                  <g
                    style="stroke: none; stroke-width: 0; stroke-dasharray: none; stroke-linecap: butt; stroke-linejoin: miter; stroke-miterlimit: 10; fill: none; fill-rule: nonzero; opacity: 1;"
                    transform="translate(1.4065934065934016 1.4065934065934016) scale(2.81 2.81)"
                  >
                    <path
                      d="M 7.486 13.502 c 9.982 -9.982 26.165 -9.982 36.147 0 L 45 14.869 l 0 0 c 6.895 22.882 6.259 47.092 0 72.294 L 26.927 69.089 c 0 0 0 0 0 0 l -19.44 -19.44 C -2.495 39.667 -2.495 23.484 7.486 13.502 z"
                      stroke-linecap="round"
                      style="stroke: none; stroke-width: 1; stroke-dasharray: none; stroke-linecap: butt; stroke-linejoin: miter; stroke-miterlimit: 10; fill: #e5e7eb; fill-rule: nonzero; opacity: 1;"
                      transform=" matrix(1 0 0 1 0 0) "
                    />
                    <path
                      d="M 82.514 13.502 c -9.982 -9.982 -26.165 -9.982 -36.147 0 L 45 14.869 l 0 0 v 72.294 l 18.073 -18.073 c 0 0 0 0 0 0 l 19.44 -19.44 C 92.495 39.667 92.495 23.484 82.514 13.502 z"
                      stroke-linecap="round"
                      style="stroke: none; stroke-width: 1; stroke-dasharray: none; stroke-linecap: butt; stroke-linejoin: miter; stroke-miterlimit: 10; fill: #e5e7eb; fill-rule: nonzero; opacity: 1;"
                      transform=" matrix(1 0 0 1 0 0) "
                    />
                  </g>
                </svg>
              </button>
              <h2
                class="text-4xl font-bold mb-6"
              >
                Athens
              </h2>
              <p
                class="text-2xl italic"
              >
                Saturday
              </p>
              <p
                class="text-lg italic"
              >
                Jun 29, 2024
              </p>
            </section>
            <section
              class="card"
            >
              <div>
                <h2
                  class="text-2xl font-bold"
                >
                  Your favorite cities list is empty!
                </h2>
                <p>
                   Start adding cities by pressing ❤ button.
                </p>
              </div>
            </section>
          </div>
          <div
            class="flex-col-centered w-full h-full"
          >
            <section
              class="card"
            >
              <div
                class="flex-col-centered"
              >
                <h2
                  class="text-6xl font-bold"
                >
                  31.3
                   °C
                </h2>
                <p
                  class="text-md"
                >
                  Feels like 
                  31.3
                   °C
                </p>
                <div
                  class="weather__condition weather__condition--day"
                >
                  <img
                    alt="weather condition Partly cloudy"
                    class="w-24 h-24"
                    src="//cdn.weatherapi.com/weather/64x64/day/116.png"
                  />
                </div>
                <p
                  class="text-2xl"
                >
                  Partly cloudy
                </p>
              </div>
              <div
                class="weather__specs-container"
              >
                <div
                  class="weather__specs-row"
                >
                  <div
                    class="weather__spec-item"
                  >
                    <img
                      alt="Humidity"
                      class="w-12 h-12 mx-auto"
                      src="data:image/png;base64,iVBORw0KGgoAAAANSUhEUgAAAE8AAABCCAYAAAAWqotYAAAAAXNSR0IArs4c6QAABhVJREFUeAHtm/1xozgYh+0Klg6iDpYOTh3YHZgO1h04HcQdmFQQtoKQCkIqMKlgSQV7z88n5WQMGIj35v7Qb+aJvt4P6TXszYi55W+0WCxKkEr4uVwuKw3mipAG3xVYSCB1reI2oLYkz0/a2SJPgrPPY+h7avqekr7OpLyzRS6fJyWI8n4smOzSkckfYMZmwzaBDTzDWP3C8AG0odHCfgUHmKIDxirAaGGfgvanfbZVLpm5J5p1Ef9ybdgUDETnr4e/NrR2JLSh3hg0ULk2pZWN2m8QSjY5PHY9JeSRzwbWYCDUO4M6wND33NEPVTMoQHmU80zkSZhQngxSCPXBQD4NFOGCnkI9PVuooE/PLIiuX4Pp3zXswZwFbw1Yz6CAPr2y8AxH6FLDZA62FfpsqHVnJ/su6RzPoHx90j6zs8BDA4xT2IOKcU3amA6yHorZtYaPgS1UMEYFRhkkXfH65mTv/OQ/Rjr3FkxfzGXfQjhPAMtYSPb099/Ht2Ksf/wbNz+7IU+KswUVRn21dYDyaPwluYJYgpiAhn4FapVH/ahYgViBWIFYgViBWIFYgViBWIFYgViBWIFYgViBWIHuCugyVBeg77e4rehKQfyE+e9u7eNP3la4s5xSkeelaz+3mHO3MsmCTqgjgwcwc5Pgq3uzDQxdLuoC8gDp3Dzyw38FTzAkrU+6fm/vCf8UDqB9e5Xt4vkFta+wAT05V4XdCrTRqTrisANzNQkG2HUdhOmr0sEPMOoHw87ADzhCl07fMCx7Mg719Rq3lTNRQg3v0IBeRRXWQgbtIssuB9lWIMkmdXQ9DSVrBcj+9Iqza78fy1wGBkLpu0IODZTgZekYWMM3CFUzyKGEhV5x8qR0ZafWgvza0te+CmrX0gQiiCp+DzVMVYNDDtrAoLDR651BBXNU4NR1wIu8sgPZz5H2t4XkIvDQBA4WVIwGhqSNZUOxhtbwNbCHGoZUsbiFaQdxyeXn/BVnSNrHHgYfguXQocI1AhnGHm2+gubW//Ukj2Jr074t6evVOrXq30rksi6W2tN51JKrcfOxiRWIFYgViBWIFYgViBWIFYgViBWIFYgViBWIFYgV6K6AvmHsWNItgm4VbvaNwd3C3BHTOGhOKvVXF5Cn0Rf/uFsYfzGbBuF0Hp3r7Va3JORSfF2YWnhfMNHWKxO6fk4wmCz8NvAE13TE4AHM5CQ44GfhAL9gSFo/gJ2Zx+C7gyOEGvyGIUMVYXUtKTYpHODaQTDp1CuzGxj8wVjvOwhLo3TEagdm6Eys69J0A9pXn8rTZSir2rQeSbEFvW6hGgYlVKC+MA7rWppP+e8KBTM1r03tV8hl6RvIwH+foPupkp6QlC+FBKzr05zpkZHPI/uTyCM/A2vYQFuyLaEB9VOQrEP9UC8MctB5StpuKTHk0MAUFRivu6NezmKrJ+keapiiCuMMksuolzOyc/bymyLtS/szl1FHzOC4hgK6Eit4CRmMOkhfSvxTyEHx2mqY0Pw9zDuISyx/F0fxFLctzedg+/Y6e56gCZjZASY4kse/ShO8ppv+V3mm7yx6xArECsQKxArECsQKxArECsQKxArECsQKxArECvxvK6BvGM9udyVtA4+3uPMnri4gDehmRNdVQvEr1ypPTf9LIo8lgC5VjcPnqRmLF/KUtF8SeQwBdCbFT+FtwWSXRl2/E+BMBNKd3AHGXsePun4/S8KA+AZ2cIQxOmK0A9OONTTGXtdvG3iGtk7fMEpmRZeOTO6gNylrPkHffX+Fjc+htoG2VOwD6BftFesreIIu1UyGeTTukvwHv8uwnsIBtK+2tH/l2S/DnTKhzW9hDfrEFqp0A9/KNgHfuuVTo/9fIed1KcJJ3yePoZ857mhDVQwa8K2hH8LwU2/09lCQSz5nIk/CxBq28P1s8Z9XumbOI9sUfEv3U+/0ckGemrZfSgoZqMJjpV96C6Y/8uUK9msoYKwaDPegg46W7J2f/MeqwHDdl+Tsyesywtkwn4EFSf84S/rVG6hAv3xJO1vkSXDOwIL6Kejp169eO0ry5PS/JHJlBLBgHP7pf2HcQAk6U00b9Scq8DdqEfrKo4jnpQAAAABJRU5ErkJggg=="
                    />
                    <div>
                      <p
                        class="text-xl font-bold"
                      >
                        36%
                      </p>
                      <p
                        class="text-md text-stone-400"
                      >
                        Humidity
                      </p>
                    </div>
                  </div>
                  <div
                    class="weather__spec-item"
                  >
                    <img
                      alt="Wind speed"
                      class="w-12 h-12 mx-auto"
                      src="data:image/png;base64,iVBORw0KGgoAAAANSUhEUgAAAE8AAABOCAYAAABhaEsjAAAAAXNSR0IArs4c6QAACFZJREFUeAHtnOt120YQhcWc/A87CFKBkQoEVyB2ILgCMRWIrkBMBYQqEF0B4QrEVECoAsMVKN+lsdBwsSRByrZAwnPOzc7OY3fmahekkCiDizOV5+fnIa1dghGIgCRZ//PiomAUSpCDT4PBoGDst0BaAh7AofJIwi0Q6f0Smo7BArxWvrDATRv2Bm2Cuh5Ds3fUOA7U+RXbHCwr2JCIiTAC74AvyvnAddZ4fgJpQ7AAvuQYREorITYCE1ACKzqFSatFTimIpkScnlNWlkyObpZcrZnZBSs9PSVu9tZKUz5xanq4N7FFAOuMQAmsxC1Sux9CRzPbFfr0e1fNmjGwBOoKR997n5+6Hg2kwEq2qwACRcIdWACdVpEg/QFcg62nFZ9P4GLXXp330dAKOFluK5iABCxc4I5RZN7uWMf/YaXbYjttp8mJR0IUKpiYGy+uzfSRoOApxD43C6xCe3beRgM6JU6CzzmcPsGKz8EYJBVGjBkogZUggQRENgg97TxZtkAKVsNWGqcEpx9TYEvsOlbHNwQi0UrwuUaAjZvbdTqvU/zUdNgoHp+IsCdzKVubxogbAyupn4dzZAN8f6fnFL4yxYeaswSUxEaHNET83KwffK7h17pORoes/6axruJqbJwo7HpeOZkcWiyJ/nMt9tcgxhI8+c0P6OKcohNbF7+sl3aOX2TaZufW30av3ud9MrEjozt16RTG4UmQZwqW+uTNNbXEXbziTYglJwrsY03xKZJX2A4C+n8B2zGmKJBkyb343QZUxz/0bsuGHas/VVejkV9dy2Kb30t4pzqJLY19ZHRrN+aD1dA6cXAVCkrBj5ap3ZzN9JC2Xy82/C6WmKFX2INs8jNee76xyzt0ZJ2NDwQ/H//E7JXVfoy5cfwwtd4QhU0Sb6Ol9VudOFu4l1ZP9VViTarNbaMrr17lmzLy8zBnJmZS+zGOgDb/kZLWG6KwkQrOqw2194bfxko3sVXKxqD82M9pOyd3YlYrQ3n4VyYmDcV02kbxarIwTUidg+jYwslNtYiRib8Wvtj4pR51wv1132RO8RFIXrs5a9wAK8vQmgRMTVAeiumFDRJ0ikTaClgpmTSuPrYhsB9s4w2icOonOfOCmPZG9ChoECeSsGeGBRE8rMlTErDMmtheqCLnhZCamTVx4sZKfeoGWCNiH0Ew2axzbqp+zZuD6bYv5wFunoiNyPkmBPhHclwluZBejnAwBI/ASrxBBp6V8dZHciOoZxP40FW1vIiitEGDrEaSRkDPDHBxDfzn/zRIA4ElcJIGg3pghIBrsAK+bL+NRNpnnhhPzp0retTz7BJcgRnwTxqm9aHayYX7tA2+sz93Enf0d49v7L32aoT/Vn1Mf2h4+mkQaX/BSQrKfRQMXADHNEGfgEvQF9Fb5yWYg7wNYZaYmjxrrIi0pnPSS0gSYb/kFwMnysDGteW6xvRxBTQOT7SnfWUXBAiSHDxxjQvGg2VNHqSJqAeQHLzCeSQsaWMO7g8h0pGntyrxefDw6i4yVvjYhkR9SU4JngEnn1FyNznTUTdNhyUCf4KQTCDwY8hR2yDvETjR0e2V0HgExqBwJJhxgS6iw2ICpSbhqH5Y6T8FPok6XDqlTcFhJWlG9MsCGXppkFlS0FegeQIx5sDJAqUZ1C/+1t3Cw8SRUo0Ln4bQB0ZBUA40nrMsae4zHwrltiYhbYzvzvj/JV62FyFo7rHcp+mMZqMXNjY1fP4VbsYSNAV9lptN2l5mkFIYYvTLxFrWX5LdhIAIfQSGznamY0JfMfjD6y/jWn7wbBfwIk5q0tDfE5f7cb2aQ0oK7Kli+jwJkYA9l7OSLBTTeRvF66vENbgDD+AWRMcWTq7WWwIrOpUbglNEO1nJ6V9b3fu3urIle99zHTQGhcoTHPpVMgK+6N/8/+Mb28xZVz3n4F0Vr7fK7yt9PVQxX4zt71rH2YUPjHldkKdQXwy+gF0iYo8SFk28hSN/Ifz26m78HUYj2E/+CfNdNdyxv06Ik3uUj+DJGRh1tRIzb61y0nKC7VqjQLJiarH/NXyKdQoi8BZSsKn2bwiExBgT43hfNSvTBP+S0V25FD0Hx8icpJsqMdqzQFyTRzElwemehLdyD83GT4Y4Z56iuCsbOeMRozhwEjvFjIXRT/IvgGwDrhdrcyfQ+b7naH+IF6f4F0CXATbsidloMBC7y2Rz80Cg9ZenQl4RaKQ2cY2XTL46A8/AkdMPHK9MfGF0p1rytOdpCIRYif2qcWYmYOH7983J1Se1FUvUOh2nXow6Ge9bszN+Ks5d1YxTvzBsifFLbd0csRGw3yGzwPqKsRL7MZ2dU/XYVL4KFYp/bmKkuq8dofC1jRh9+bYnSnmRn4DN7l/4/k7P1ZC6MpL4BeMbgsLESF2AUKzWuwX2xDEN/OezbIR9JWcljZPv19K5OYXnrnrGbadPJ8knUGkrsKjgnzTMawledTxp5XdD1Dly9hVE5SLGyrZmdQIt0TYnpJcY09D+2LXWCjjJQnEnYaODzHXBqCu39cGNLwFzsE0KHBMw3NY8vgVwIpKjbbGdt6t4oCaciMCtzash+UECUjCp9K2kOxKImwErY+c72ZFuYtsR+s4TeEyjrDnz9siOWaeTOTSmU2RFBKavLZY1IvBoF0Zfgp2n+7X7/vR8GvIJVM8LkBxaDDm62rdAPwQrOZPzIs6RQ2MJKG23la7TcwMiFxsa8V+BGfBJw/SchXKcbeCUUx5pMqL+DITeuGBe/5+4l1KM6DTFZm5VvVHW32HMrfGsdUjUKdQ1O1Z0gidAxPZTaD4GU1CAfSLCMpCCg0g7i2u764hASIRfEDExkJRgKSXwSl/mVvI/58cvM148MyUAAAAASUVORK5CYII="
                    />
                    <div>
                      <p
                        class="text-xl font-bold"
                      >
                        19.1 km/h
                      </p>
                      <p
                        class="text-md text-stone-400"
                      >
                        Wind speed
                      </p>
                    </div>
                  </div>
                </div>
                <div
                  class="weather__specs-row"
                >
                  <div
                    class="weather__spec-item"
                  >
                    <img
                      alt="Pressure"
                      class="w-12 h-12 mx-auto"
                      src="data:image/png;base64,iVBORw0KGgoAAAANSUhEUgAAAEAAAABACAYAAACqaXHeAAAACXBIWXMAAAsTAAALEwEAmpwYAAAF6klEQVR4nO2bW4hWVRTHz8ykZkkqBllYOqNRlFbmQy9mhaJoGlFSFDVlVkZiRWYFSRFpaDR2ExvtIqO99KINZSJiSdCDYdFDBKU2JF7SJs1S08p+sZ117LRmn/Ptfc4+4wx8fxhm+L5127d123uiqIoqqqiiivIA1ABXAHOAZuBTYAdwADguP+bv7cAnQmNoRxneqAcP+jrgHWA/+WF43wbG9YjJAPoAD8pqhsY24H6gd9RNV/wuYBflYydwR9RdAIyQc52FX4A1wFxgMnAJMNCspvwMlM+mAE8Aa8UvZGET0HC6B38bcCjFwKNACzAeqM0huxaYIDKMLBt+BaaXM7rKW35RilGH5bvzokAwsoDFwJEUnQu7zEkCdcC7KYaYrTu0RN1DgdYU3SZa1JWlO7nyRpHGH8CjURcBaJSdprGq1J2AfdvvNomOo7McUoHGJExPA8Md5F0pujUWRCU6PI3vgWEOvPOF/nWHlY3xJXBDBfphkh9o3JpnjJVWT3v7XS6DF/4bhafdJEsZdM8m5B9ycaRAPbBH2XbQfO5im+u513H+iMu2T8jomwhlqWFLOdenPOSPtoTKja78mQDutmyxGTnkfCy8H2XQmGIIKZbO9JRvUnCN233ttOX2Or1dG+UAMFv4/wLOT6F5CNia9wwDHypbfyxUO9B5Vg/b4jzQH3jEwWHFeLKATSZDfBE4x/Jdg+UozCxy9rcrYYtSaFfK9/MryPxG6L4tYNMKkbEyheZlS6Tyzw2A6y3JTqetC0xTdM9kyHwpQXdNjsG/oXR1OirAYMsuGOuj6ySkmZFES2QB8D6d8ZjDpDZHHpB8P4k/gVdTaFcr2hVRjtner4SMz6A3pexrwO9Ce28K3RkSo+NK7iwPm+4Tvn2SkV6YQTtR2b7P6xjQkZLqer5iSQsMqNSsUDvmTmej/kuo+jgWbPFExxjpo2iOYl7jY2gF2fcET1bsej5QY5jtw9ysmB8PXNufELnm90WhZCs9prOUxDIf5s2KeXJg475IyM4MnQV0TFVj2OTD3KaYLw5s3HMquVoSutsrjjmJHT7M7Yp5kCVK9CpgnIkYGksKyOulvTxwrpL/s4/A44r5f6sD9JM4bLKsdbKCszzkm6iisd+Df5boXCc2GFv6WeqYJI6FnICahCOL8Y9rT67IBEiIM7qSOGHZAYUmoD3rCAhNskHyt1RxfR3lN1km4C2P3sJW0RnjNwtdoSPwQyUnCKwHXgFuMgmQs/AO3t4yCaY0jvGZp4wBUocYG9aHdoKbFfMUH+M89CQ7TWZbjwgoe1qRMNismOeGMqxCsvJCQNnziiRCc0J0gRz0XGa5+KwNJFtfoDzswzxKMR8o69ZF+ZtjwFUBZCarzhiXFy2HJ3h46dEeupqkl2ear/0rdH5do8wkZfte764Qna/AWhx6dY2yjU3bfIyXwmzZY0TmTtGReUyA95Tty/MoHaeEmDbT4IwGxNeKvtFbqduNEaJrYgrtBdK+K9wSq7FcOy1OoTOPH5JYmnOsWfYsVTrW2La1Jcn6LveFKfCAZRfUp5z7uMT9vIx3PFLwxPnJV8DZFprhltX3vsTRGZs5d0m0ptAOAbaEfBiR0kzZknbLLMVREm1FqtaTMD0+OsN62RAqhmchTYdUiBphns/Q8SBJH4XC8ToUgKstW39DSAUN0sZOYrfr9XiZENtMnNeJW1jbgOmWLbYt2D18PpvqLdd3pqi6uSyFCy2TsMcn8wu87fXKGzxfptIa07joJo+kbE/mlneF8rqUSUBy+tJeb0qc16Hu1OBLfyandsKCFEOOyhW19RFEHkh622Tx9PGZL2/bZwG4xVJ2Jo/FaqkT6nLutEkiwzbw2NuX4/A8PfFGsnFQGhTz5MbmUtNoTTyWHiSfTRWaVkvY1djQHcLwKZgHSfImp2y0nZYH0i6Q1ZwplxWhYaq6GYVz+y50ktfKe56fCgx6r3j3sT3iX2YyJmOkPJN7U+qKbXL5Ev/TVLt8Zr5bJrTuPbwqqqiiiiqiXPgX5ogpayN4/tAAAAAASUVORK5CYII="
                    />
                    <div>
                      <p
                        class="text-xl font-bold"
                      >
                        1011 mb
                      </p>
                      <p
                        class="text-md text-stone-400"
                      >
                        Pressure
                      </p>
                    </div>
                  </div>
                  <div
                    class="weather__spec-item"
                  >
                    <img
                      alt="UV"
                      class="w-12 h-12 mx-auto"
                      src="data:image/png;base64,iVBORw0KGgoAAAANSUhEUgAAAEAAAABACAYAAACqaXHeAAAACXBIWXMAAAsTAAALEwEAmpwYAAAIB0lEQVR4nO2be7BXUxTHT+ih6IGh9JTH0Hj1kmiMx4gZExHCSIMZlJjR4/byRyZNaVR0EarpMTJMUnkMectbMjQilTelukR5Jd2PWfX9Xeee397nd87v/n6/24y7Zs7M/Z21917rrL322ut1g6AO6qAOCgFAc+BcYCBwQ5GegaLRPNhbADgdeAbYSengb+Bp4LTa/PAGwAygEvgZmAJcAHQCWhTp6SQaU0XTaD9gvNTGxy/TbtwPNC4pA3t4aKwNMHgOqF9K4uUifFPJiPp5GSxeppfyzFcCDwd7CRgv4un0YhPaB3gf+A5okmBsa6BjDR9bY58ctPYHvgY+zDW2RgBcL3W7MoeGPApsK6DV36Y1vTtsPGnsdcX6+AOBDcDbQD0HvhmwSExsAR4EhgL9gcvyfPprjYeACq1tNJp5eHwd2OTD11QAk4FdQHcHrg2wDvgLuA1oVAT6jbT2DtFq4xjTWTzeVWjiR+rjZjlw9YGVwHagR8p177An5ZxTRWul6+ozHiWkY9KsGwvAUzqHrRy4kVLNK/JY91V78ph3hWiOduAOBX4BlqRd1wnAOSI2woE7DPgVeCLIA/IVgOY+IU043IErE8/n5bN2FQD7AauA9UBDB36ujsZRQekF0A74HZjn8VQ/Bz6tkYcI3CpJXujAdZXBubMG6+ctAM2/Uw5Qlu0xnsX7LfkufpCunpccuHrAG8CPQFO9Owm4sdgCMBpGKxQPfAN84HKAFCNY0HRIGhq7QUGOhbgnBBEArpZ0rwm9u0nvpgYJwYTrEnDM+KnRGAQYoHcDHOOPU+h8X1Ia4bNvV0l5EIE4qQMTxcw0l7PkWOsse3KNi67t0MY3gY0ZbYzgp2sjj09CJ3rGs+JsYLzOXa8oLpcQZLjKxHDGs0N/25EaYWMca05yfXwSexQ6yi+65vp2ZaHH3W3rs7yRcdPCx0HJjHukVZUKqGxnxuixv1cIt0Oq3jyi9tNy0Jznu5GAm7VG37g1AmBfXXmrPPiFvrvXMXaKhNVFa/6tBEa7mDntFdrulLvbWWtMSUDP65Pouz4Gvoh109lzfz7rirpM5bVDY3IxE5pzMrAV+MEVQ+Rwdzdq7kkp5pk2GZzrwJ0t3Mi4mLpzTGxvRu/LpIGOzt56fXzbpB8R0YaN0oQWCefYBq4FPjFD7sAvlkvf0jV5jkk85u41uCTFB9wjtU+88x5N+Cfl1XpJ9Kp0BHVzfGHkRMekpsDmNA6Lds+M2Qz9Ptbi+xC+tXL857uEqsTL7pQ3MFNMJ9Yi4BXlJJp5bqld1Y4W8Djwm6vgEDpXXVMwUCZ7sdvgAXebOofww4WfqXNedaxMPWUEb9fvIzR2eAr6XWOixeYyrAvCjs0fxoxnsc+At5IS1xy7598P/bbs0GZHCG05foNLQzhLehgcG3pnsf/ylDy8Zbx7cLO04Y3sR08RvNxjGE36ZSmJV4TT1DECaAJ8CywN4Syx+Z7DLd+SkoeR4n3/mHxCd/txadUPty9dbYf0fpx5Vo5nmRwpIzwqNH6GRwAm4Luk8oep8mMwxHEMK3WVLfPQHheZc7nWOs7xXT2qHCOgX4wAMgz1y0MAoxMKoOqjZaB2CyNCb6zWPCsPAXSKEcBFmavGoL9jYGMRzsoGJTgC5T4VNu0QzUYhtV+h4/CUY737wgJMyMMo8d445gh0y5zzOCO4xoxaSuIW2KyIGDZjppuclRfsY0N4S31noOq6jBjB11LyYOn7NTmMYMPMi8d0NbiuQVM/gy4piI+IXIN29Xwlp2a7cNc5rr5qV6JwHTR+aB7X4NiYa/CRpI5QMzkVL6dgoJ2clwdD71pIMOYTnOGY0xc40/HefIU/XXWAHI5QhWdDsx2hkCts3tvRQQSAQZLoxUFCUEi8M22tILJGT2nN5BRzMkZ9sAPXURszOy6cXOwJJz/KGU5Wn9NCgcyGuBA4QTC0Jmmpy860aK72BENLfPWNqHXuHURAV5DTvfQBcKLO9YY0mqCd36iEZuJUVshe9Y4Jh8uShJOrPRL0FiM8CZFtEsI6HQcrcraPmdNBZ/4f7fwJWiNJQqSlNHiRR4NXSYOz6hvVwM65JHVzdUxVYGIGaW4U50mJTQlZ3qk6f5XKLZTLwxure96uOrT+5IzaS5BJUmLzY2zYkCrHJwmwx9sy9TvYgZugjzjFM9ebwFRO0SLB5QqxM7BJpe2hnqqvMyPsSIpO8NiiVLdYIPd0p6vvBjhAWZ53HFnfWEaLmBZ/N1ykieDLdaSy6hs1KYxcI2audjQrlaIwMsjBy8CYwkhWfaMQpbF3ge9NI0JqWKrSWNeINvpKY8/nXRpLURwdH9RecXSCr0hjBi8TZea7fpCgPD5fVvuIWiiPZ26k+THl8dU1bqDkvwaJspi7d2EtCGCRghpXKW1kQRokMmApq5gWmTG+lFoJWmTGxrTIZLn0xWqSaqCERr5NUuNSzukZapJyFW9n+xyiYrbJtZW7u0POTDHa5CxxM0w01uZok5tUaPpBwkbJJ6WaFfL7C9EoOUzxwU9xjZK6mpfLISp8o2SKVtleams141gosDO9IEer7FUae22wlzRL1zOjWYBm6Va5uk1CzdIri9osHSmT///a5R3/MJGVdio1hLo/7i0l0QZqQUNFj9jjUCQemsjQoqaO+qVmoIEixkqlvawfoE8J/mmqj2htFe3ykn+8wzFZqrCzVLBDCc6ewd4C7GmkOFuNi8X6x8kBopGV+KiDOqiDIB/4F0TzHL/RXk5jAAAAAElFTkSuQmCC"
                    />
                    <div>
                      <p
                        class="text-xl font-bold"
                      >
                        7
                      </p>
                      <p
                        class="text-md text-stone-400"
                      >
                        UV
                      </p>
                    </div>
                  </div>
                </div>
              </div>
            </section>
          </div>
        </div>
      </div>
    </main>
    <footer
      class="w-full text-center mt-6"
    >
      <p
        class="font-bold text-lg italic"
      >
        Created by
         
        <a
          class="text-slate-500 hover:underline"
          href="https://mikek.gr"
          rel="noreferrer"
          target="_blank"
        >
          Michael Koutridis
        </a>
      </p>
    </footer>
  </div>
</body>
`;
